// Jest Snapshot v1, https://goo.gl/fbAQLP

exports[`App component renders App 1`] = `
<DocumentFragment>
  <form>
    <label
      for="title"
    >
      Title:
    </label>
    <input
      id="title"
      required=""
      type="text"
      value=""
    />
    <label
      for="body"
    >
      Body:
    </label>
    <input
      id="body"
      required=""
      type="text"
      value=""
    />
    <button>
      Post!
    </button>
  </form>
  <ul />
</DocumentFragment>
`;
